

================================================================
== Vitis HLS Report for 'exp_generic_double_s'
================================================================
* Date:           Thu May 22 16:58:33 2025

* Version:        2024.2 (Build 5238294 on Nov  8 2024)
* Project:        lstm_hls
* Solution:       solution1 (Vivado IP Flow Target)
* Product family: zynq
* Target device:  xc7z020-clg400-1


================================================================
== Performance Estimates
================================================================
+ Timing: 
    * Summary: 
    +--------+----------+----------+------------+
    |  Clock |  Target  | Estimated| Uncertainty|
    +--------+----------+----------+------------+
    |ap_clk  |  10.00 ns|  7.130 ns|     2.70 ns|
    +--------+----------+----------+------------+

+ Latency: 
    * Summary: 
    +---------+---------+----------+----------+-----+-----+---------+
    |  Latency (cycles) |  Latency (absolute) |  Interval | Pipeline|
    |   min   |   max   |    min   |    max   | min | max |   Type  |
    +---------+---------+----------+----------+-----+-----+---------+
    |       28|       28|  0.280 us|  0.280 us|    1|    1|      yes|
    +---------+---------+----------+----------+-----+-----+---------+

    + Detail: 
        * Instance: 
        N/A

        * Loop: 
        N/A



================================================================
== Utilization Estimates
================================================================
* Summary: 
+-----------------+---------+-----+--------+-------+-----+
|       Name      | BRAM_18K| DSP |   FF   |  LUT  | URAM|
+-----------------+---------+-----+--------+-------+-----+
|DSP              |        -|    1|       -|      -|    -|
|Expression       |        -|    -|       0|   2193|    -|
|FIFO             |        -|    -|       -|      -|    -|
|Instance         |        -|   28|    1345|    587|    -|
|Memory           |        5|    -|       0|      0|    -|
|Multiplexer      |        -|    -|       0|     14|    -|
|Register         |        -|    -|    2393|    512|    -|
+-----------------+---------+-----+--------+-------+-----+
|Total            |        5|   29|    3738|   3306|    0|
+-----------------+---------+-----+--------+-------+-----+
|Available        |      280|  220|  106400|  53200|    0|
+-----------------+---------+-----+--------+-------+-----+
|Utilization (%)  |        1|   13|       3|      6|    0|
+-----------------+---------+-----+--------+-------+-----+

+ Detail: 
    * Instance: 
    +--------------------------+----------------------+---------+----+-----+-----+-----+
    |         Instance         |        Module        | BRAM_18K| DSP|  FF | LUT | URAM|
    +--------------------------+----------------------+---------+----+-----+-----+-----+
    |mul_13s_71s_71_5_0_U54    |mul_13s_71s_71_5_0    |        0|   4|  441|  256|    0|
    |mul_43ns_36ns_79_3_0_U55  |mul_43ns_36ns_79_3_0  |        0|   6|  230|  147|    0|
    |mul_49ns_44ns_93_5_0_U56  |mul_49ns_44ns_93_5_0  |        0|   9|  334|   84|    0|
    |mul_50ns_50ns_99_5_0_U57  |mul_50ns_50ns_99_5_0  |        0|   9|  340|   86|    0|
    |sparsemux_9_3_64_1_0_U58  |sparsemux_9_3_64_1_0  |        0|   0|    0|   14|    0|
    +--------------------------+----------------------+---------+----+-----+-----+-----+
    |Total                     |                      |        0|  28| 1345|  587|    0|
    +--------------------------+----------------------+---------+----+-----+-----+-----+

    * DSP: 
    +------------------------------------+--------------------------------+--------------+
    |              Instance              |             Module             |  Expression  |
    +------------------------------------+--------------------------------+--------------+
    |mac_muladd_16s_15ns_19s_31_4_0_U59  |mac_muladd_16s_15ns_19s_31_4_0  |  i0 + i1 * i2|
    +------------------------------------+--------------------------------+--------------+

    * Memory: 
    +---------------------------------------------------------------+----------------------------------------------------------------------------------+---------+---+----+-----+------+-----+------+-------------+
    |                             Memory                            |                                      Module                                      | BRAM_18K| FF| LUT| URAM| Words| Bits| Banks| W*Bits*Banks|
    +---------------------------------------------------------------+----------------------------------------------------------------------------------+---------+---+----+-----+------+-----+------+-------------+
    |table_exp_Z1_ap_ufixed_58_1_ap_q_mode_5_ap_o_mode_3_0_array_U  |exp_generic_double_s_table_exp_Z1_ap_ufixed_58_1_ap_q_mode_5_ap_o_mode_3_0_arbkb  |        2|  0|   0|    0|   256|   58|     1|        14848|
    |table_f_Z2_ap_ufixed_59_0_ap_q_mode_5_ap_o_mode_3_0_array_U    |exp_generic_double_s_table_f_Z2_ap_ufixed_59_0_ap_q_mode_5_ap_o_mode_3_0_arradEe  |        2|  0|   0|    0|   256|   42|     1|        10752|
    |table_f_Z3_ap_ufixed_59_0_ap_q_mode_5_ap_o_mode_3_0_array_U    |exp_generic_double_s_table_f_Z3_ap_ufixed_59_0_ap_q_mode_5_ap_o_mode_3_0_arracud  |        1|  0|   0|    0|   256|   26|     1|         6656|
    +---------------------------------------------------------------+----------------------------------------------------------------------------------+---------+---+----+-----+------+-----+------+-------------+
    |Total                                                          |                                                                                  |        5|  0|   0|    0|   768|  126|     3|        32256|
    +---------------------------------------------------------------+----------------------------------------------------------------------------------+---------+---+----+-----+------+-----+------+-------------+

    * FIFO: 
    N/A

    * Expression: 
    +-------------------------+----------+----+---+-----+------------+------------+
    |      Variable Name      | Operation| DSP| FF| LUT | Bitwidth P0| Bitwidth P1|
    +-------------------------+----------+----+---+-----+------------+------------+
    |add_ln126_fu_712_p2      |         +|   0|  0|   43|          36|          36|
    |add_ln145_fu_785_p2      |         +|   0|  0|   51|          44|          44|
    |add_ln243_1_fu_550_p2    |         +|   0|  0|   14|          13|           1|
    |add_ln297_1_fu_843_p2    |         +|   0|  0|  114|         107|         107|
    |add_ln297_fu_828_p2      |         +|   0|  0|   65|          58|           5|
    |exp_Z1P_m_1_l_fu_794_p2  |         +|   0|  0|   59|          52|          52|
    |exp_Z2P_m_1_fu_721_p2    |         +|   0|  0|   51|          44|          44|
    |exp_Z4_m_1_fu_669_p2     |         +|   0|  0|   43|          36|          36|
    |m_exp_fu_338_p2          |         +|   0|  0|   12|          12|          11|
    |out_exp_fu_968_p2        |         +|   0|  0|   12|          11|          10|
    |r_exp_1_fu_857_p2        |         +|   0|  0|   14|          13|           2|
    |e_frac_1_fu_356_p2       |         -|   0|  0|   61|           1|          54|
    |sub_ln229_fu_378_p2      |         -|   0|  0|   12|          10|          11|
    |sub_ln255_fu_593_p2      |         -|   0|  0|   66|          59|          59|
    |and_ln309_1_fu_998_p2    |       and|   0|  0|    2|           1|           1|
    |and_ln309_2_fu_1015_p2   |       and|   0|  0|    2|           1|           1|
    |and_ln309_3_fu_1027_p2   |       and|   0|  0|    2|           1|           1|
    |and_ln309_4_fu_1048_p2   |       and|   0|  0|    2|           1|           1|
    |and_ln309_5_fu_1054_p2   |       and|   0|  0|    2|           1|           1|
    |and_ln309_fu_988_p2      |       and|   0|  0|    2|           1|           1|
    |x_is_NaN_fu_316_p2       |       and|   0|  0|    2|           1|           1|
    |x_is_inf_fu_328_p2       |       and|   0|  0|    2|           1|           1|
    |x_is_pinf_fu_928_p2      |       and|   0|  0|    2|           1|           1|
    |ashr_ln229_fu_428_p2     |      ashr|   0|  0|  210|          71|          71|
    |ashr_ln230_fu_491_p2     |      ashr|   0|  0|  182|          64|          64|
    |icmp_ln18_1_fu_310_p2    |      icmp|   0|  0|   59|          52|           1|
    |icmp_ln18_2_fu_322_p2    |      icmp|   0|  0|   59|          52|           1|
    |icmp_ln18_fu_304_p2      |      icmp|   0|  0|   12|          11|           2|
    |icmp_ln243_fu_544_p2     |      icmp|   0|  0|   25|          18|           1|
    |icmp_ln309_1_fu_879_p2   |      icmp|   0|  0|   11|           3|           1|
    |icmp_ln309_2_fu_520_p2   |      icmp|   0|  0|   78|          71|          71|
    |icmp_ln309_fu_396_p2     |      icmp|   0|  0|   12|          12|           1|
    |icmp_ln326_fu_885_p2     |      icmp|   0|  0|   14|          13|          11|
    |or_ln185_1_fu_945_p2     |        or|   0|  0|    2|           1|           1|
    |or_ln185_fu_933_p2       |        or|   0|  0|    2|           1|           1|
    |or_ln309_1_fu_1003_p2    |        or|   0|  0|    2|           1|           1|
    |or_ln309_2_fu_1032_p2    |        or|   0|  0|    2|           1|           1|
    |or_ln309_3_fu_1042_p2    |        or|   0|  0|    2|           1|           1|
    |or_ln309_fu_957_p2       |        or|   0|  0|    2|           1|           1|
    |e_frac_2_fu_362_p3       |    select|   0|  0|   54|           1|          54|
    |m_fix_fu_440_p3          |    select|   0|  0|   71|           1|          71|
    |r_exp_2_fu_862_p3        |    select|   0|  0|   13|           1|          13|
    |r_exp_fu_564_p3          |    select|   0|  0|   13|           1|          13|
    |retval_1_fu_1069_p2      |    select|   0|  0|   64|           1|          64|
    |retval_1_fu_1069_p4      |    select|   0|  0|   63|           1|           1|
    |select_ln185_fu_938_p3   |    select|   0|  0|   63|           1|          63|
    |select_ln229_fu_388_p3   |    select|   0|  0|   12|           1|          12|
    |select_ln230_fu_507_p3   |    select|   0|  0|   64|           1|          64|
    |select_ln243_fu_556_p3   |    select|   0|  0|   13|           1|          13|
    |select_ln303_fu_915_p3   |    select|   0|  0|   52|           1|          52|
    |shl_ln229_fu_434_p2      |       shl|   0|  0|  210|          71|          71|
    |shl_ln230_fu_486_p2      |       shl|   0|  0|  182|          64|          64|
    |xor_ln182_fu_923_p2      |       xor|   0|  0|    2|           1|           2|
    |xor_ln185_fu_1009_p2     |       xor|   0|  0|    2|           1|           2|
    |xor_ln309_1_fu_1021_p2   |       xor|   0|  0|    2|           1|           2|
    |xor_ln309_2_fu_1036_p2   |       xor|   0|  0|    2|           1|           2|
    |xor_ln309_fu_993_p2      |       xor|   0|  0|    2|           1|           2|
    +-------------------------+----------+----+---+-----+------------+------------+
    |Total                    |          |   0|  0| 2193|        1029|        1276|
    +-------------------------+----------+----+---+-----+------------+------------+

    * Multiplexer: 
    +-----------+----+-----------+-----+-----------+
    |    Name   | LUT| Input Size| Bits| Total Bits|
    +-----------+----+-----------+-----+-----------+
    |ap_return  |  14|          3|   64|        192|
    +-----------+----+-----------+-----+-----------+
    |Total      |  14|          3|   64|        192|
    +-----------+----+-----------+-----+-----------+

    * Register: 
    +-----------------------------------+----+----+-----+-----------+
    |                Name               | FF | LUT| Bits| Const Bits|
    +-----------------------------------+----+----+-----+-----------+
    |Z2_reg_1224                        |   8|   0|    8|          0|
    |Z3_reg_1231                        |   8|   0|    8|          0|
    |Z3_reg_1231_pp0_iter11_reg         |   8|   0|    8|          0|
    |Z4_reg_1236                        |  35|   0|   35|          0|
    |add_ln297_reg_1344                 |  58|   0|   58|          0|
    |ap_ce_reg                          |   1|   0|    1|          0|
    |ap_return_int_reg                  |  64|   0|   64|          0|
    |ashr_ln230_reg_1187                |  64|   0|   64|          0|
    |e_frac_2_reg_1122                  |  54|   0|   54|          0|
    |es_sign_reg_1104                   |   1|   0|    1|          0|
    |exp_Z1P_m_1_reg_1324               |  50|   0|   50|          0|
    |exp_Z1_hi_reg_1329                 |  50|   0|   50|          0|
    |exp_Z1_reg_1319                    |  58|   0|   58|          0|
    |exp_Z2P_m_1_reg_1287               |  44|   0|   44|          0|
    |exp_Z3_m_1_reg_1262                |  34|   0|   43|          9|
    |exp_Z4_m_1_reg_1251                |  36|   0|   36|          0|
    |f_Z3_reg_1257                      |  26|   0|   26|          0|
    |icmp_ln309_1_reg_1354              |   1|   0|    1|          0|
    |icmp_ln309_2_reg_1197              |   1|   0|    1|          0|
    |icmp_ln309_reg_1138                |   1|   0|    1|          0|
    |icmp_ln326_reg_1361                |   1|   0|    1|          0|
    |m_diff_hi_reg_1219                 |   8|   0|    8|          0|
    |m_fix_l_reg_1161                   |  64|   0|   64|          0|
    |mul_ln297_reg_1349                 |  99|   0|   99|          0|
    |r_exp_reg_1202                     |  13|   0|   13|          0|
    |select_ln229_reg_1133              |  12|   0|   12|          0|
    |select_ln303_reg_1371              |  52|   0|   52|          0|
    |sext_ln227_reg_1151                |  64|   0|   71|          7|
    |sext_ln227_reg_1151_pp0_iter2_reg  |  64|   0|   71|          7|
    |sext_ln229_1_reg_1156              |  32|   0|   32|          0|
    |shl_ln230_reg_1182                 |  64|   0|   64|          0|
    |tmp_10_reg_1146                    |   1|   0|    1|          0|
    |tmp_1_reg_1293                     |  40|   0|   40|          0|
    |tmp_2_reg_1167                     |   1|   0|    1|          0|
    |tmp_2_reg_1167_pp0_iter2_reg       |   1|   0|    1|          0|
    |tmp_4_reg_1314                     |  36|   0|   36|          0|
    |tmp_8_reg_1214                     |  58|   0|   58|          0|
    |tmp_reg_1127                       |   1|   0|    1|          0|
    |tmp_s_reg_1277                     |  20|   0|   20|          0|
    |trunc_ln255_reg_1177               |  59|   0|   59|          0|
    |trunc_ln336_reg_1366               |  11|   0|   11|          0|
    |x_int_reg                          |  64|   0|   64|          0|
    |x_is_NaN_reg_1109                  |   1|   0|    1|          0|
    |x_is_inf_reg_1116                  |   1|   0|    1|          0|
    |Z2_reg_1224                        |  64|  32|    8|          0|
    |es_sign_reg_1104                   |  64|  32|    1|          0|
    |exp_Z1_reg_1319                    |  64|  32|   58|          0|
    |exp_Z2P_m_1_reg_1287               |  64|  32|   44|          0|
    |exp_Z3_m_1_reg_1262                |  64|  32|   43|          9|
    |exp_Z4_m_1_reg_1251                |  64|  32|   36|          0|
    |icmp_ln309_2_reg_1197              |  64|  32|    1|          0|
    |icmp_ln309_reg_1138                |  64|  32|    1|          0|
    |m_diff_hi_reg_1219                 |  64|  32|    8|          0|
    |r_exp_reg_1202                     |  64|  32|   13|          0|
    |tmp_10_reg_1146                    |  64|  32|    1|          0|
    |tmp_1_reg_1293                     |  64|  32|   40|          0|
    |tmp_reg_1127                       |  64|  32|    1|          0|
    |trunc_ln255_reg_1177               |  64|  32|   59|          0|
    |x_is_NaN_reg_1109                  |  64|  32|    1|          0|
    |x_is_inf_reg_1116                  |  64|  32|    1|          0|
    +-----------------------------------+----+----+-----+-----------+
    |Total                              |2393| 512| 1708|         32|
    +-----------------------------------+----+----+-----+-----------+



================================================================
== Interface
================================================================
* Summary: 
+-----------+-----+-----+------------+---------------------+--------------+
| RTL Ports | Dir | Bits|  Protocol  |    Source Object    |    C Type    |
+-----------+-----+-----+------------+---------------------+--------------+
|ap_clk     |   in|    1|  ap_ctrl_hs|  exp_generic<double>|  return value|
|ap_rst     |   in|    1|  ap_ctrl_hs|  exp_generic<double>|  return value|
|ap_return  |  out|   64|  ap_ctrl_hs|  exp_generic<double>|  return value|
|ap_ce      |   in|    1|  ap_ctrl_hs|  exp_generic<double>|  return value|
|x          |   in|   64|     ap_none|                    x|        scalar|
+-----------+-----+-----+------------+---------------------+--------------+

