

================================================================
== Vitis HLS Report for 'infer_Pipeline_29'
================================================================
* Date:           Thu May 22 16:58:34 2025

* Version:        2024.2 (Build 5238294 on Nov  8 2024)
* Project:        lstm_hls
* Solution:       solution1 (Vivado IP Flow Target)
* Product family: zynq
* Target device:  xc7z020-clg400-1


================================================================
== Performance Estimates
================================================================
+ Timing: 
    * Summary: 
    +--------+----------+----------+------------+
    |  Clock |  Target  | Estimated| Uncertainty|
    +--------+----------+----------+------------+
    |ap_clk  |  10.00 ns|  6.508 ns|     2.70 ns|
    +--------+----------+----------+------------+

+ Latency: 
    * Summary: 
    +---------+---------+----------+----------+-----+-----+------------------------------------------------+
    |  Latency (cycles) |  Latency (absolute) |  Interval |                    Pipeline                    |
    |   min   |   max   |    min   |    max   | min | max |                      Type                      |
    +---------+---------+----------+----------+-----+-----+------------------------------------------------+
    |      130|      130|  1.300 us|  1.300 us|  129|  129|  loop auto-rewind stp (delay=0 clock cycles(s))|
    +---------+---------+----------+----------+-----+-----+------------------------------------------------+

    + Detail: 
        * Instance: 
        N/A

        * Loop: 
        +----------+---------+---------+----------+-----------+-----------+------+----------+
        |          |  Latency (cycles) | Iteration|  Initiation Interval  | Trip |          |
        | Loop Name|   min   |   max   |  Latency |  achieved |   target  | Count| Pipelined|
        +----------+---------+---------+----------+-----------+-----------+------+----------+
        |- Loop 1  |      128|      128|         2|          1|          1|   128|       yes|
        +----------+---------+---------+----------+-----------+-----------+------+----------+



================================================================
== Utilization Estimates
================================================================
* Summary: 
+-----------------+---------+-----+--------+-------+-----+
|       Name      | BRAM_18K| DSP |   FF   |  LUT  | URAM|
+-----------------+---------+-----+--------+-------+-----+
|DSP              |        -|    -|       -|      -|    -|
|Expression       |        -|    -|       0|     31|    -|
|FIFO             |        -|    -|       -|      -|    -|
|Instance         |        -|    -|       -|      -|    -|
|Memory           |        -|    -|       -|      -|    -|
|Multiplexer      |        -|    -|       0|     36|    -|
|Register         |        -|    -|      19|      -|    -|
+-----------------+---------+-----+--------+-------+-----+
|Total            |        0|    0|      19|     67|    0|
+-----------------+---------+-----+--------+-------+-----+
|Available        |      280|  220|  106400|  53200|    0|
+-----------------+---------+-----+--------+-------+-----+
|Utilization (%)  |        0|    0|      ~0|     ~0|    0|
+-----------------+---------+-----+--------+-------+-----+

+ Detail: 
    * Instance: 
    N/A

    * DSP: 
    N/A

    * Memory: 
    N/A

    * FIFO: 
    N/A

    * Expression: 
    +-----------------------+----------+----+---+----+------------+------------+
    |     Variable Name     | Operation| DSP| FF| LUT| Bitwidth P0| Bitwidth P1|
    +-----------------------+----------+----+---+----+------------+------------+
    |empty_fu_71_p2         |         +|   0|  0|  15|           8|           1|
    |exitcond6930_fu_65_p2  |      icmp|   0|  0|  14|           8|           9|
    |ap_enable_pp0          |       xor|   0|  0|   2|           1|           2|
    +-----------------------+----------+----+---+----+------------+------------+
    |Total                  |          |   0|  0|  31|          17|          12|
    +-----------------------+----------+----+---+----+------------+------------+

    * Multiplexer: 
    +----------------------------------+----+-----------+-----+-----------+
    |               Name               | LUT| Input Size| Bits| Total Bits|
    +----------------------------------+----+-----------+-----+-----------+
    |ap_done_int                       |   9|          2|    1|          2|
    |ap_enable_reg_pp0_iter1           |   9|          2|    1|          2|
    |ap_sig_allocacmp_loop_index_load  |   9|          2|    8|         16|
    |loop_index_fu_26                  |   9|          2|    8|         16|
    +----------------------------------+----+-----------+-----+-----------+
    |Total                             |  36|          8|   18|         36|
    +----------------------------------+----+-----------+-----+-----------+

    * Register: 
    +-------------------------+---+----+-----+-----------+
    |           Name          | FF| LUT| Bits| Const Bits|
    +-------------------------+---+----+-----+-----------+
    |ap_CS_fsm                |  1|   0|    1|          0|
    |ap_done_reg              |  1|   0|    1|          0|
    |ap_enable_reg_pp0_iter1  |  1|   0|    1|          0|
    |loop_index_cast_reg_97   |  8|   0|   64|         56|
    |loop_index_fu_26         |  8|   0|    8|          0|
    +-------------------------+---+----+-----+-----------+
    |Total                    | 19|   0|   75|         56|
    +-------------------------+---+----+-----+-----------+



================================================================
== Interface
================================================================
* Summary: 
+-----------------+-----+-----+------------+-------------------+--------------+
|    RTL Ports    | Dir | Bits|  Protocol  |   Source Object   |    C Type    |
+-----------------+-----+-----+------------+-------------------+--------------+
|ap_clk           |   in|    1|  ap_ctrl_hs|  infer_Pipeline_29|  return value|
|ap_rst           |   in|    1|  ap_ctrl_hs|  infer_Pipeline_29|  return value|
|ap_start         |   in|    1|  ap_ctrl_hs|  infer_Pipeline_29|  return value|
|ap_done          |  out|    1|  ap_ctrl_hs|  infer_Pipeline_29|  return value|
|ap_idle          |  out|    1|  ap_ctrl_hs|  infer_Pipeline_29|  return value|
|ap_ready         |  out|    1|  ap_ctrl_hs|  infer_Pipeline_29|  return value|
|stat_C_address0  |  out|    7|   ap_memory|             stat_C|         array|
|stat_C_ce0       |  out|    1|   ap_memory|             stat_C|         array|
|stat_C_q0        |   in|   32|   ap_memory|             stat_C|         array|
|C_t_address0     |  out|    7|   ap_memory|                C_t|         array|
|C_t_ce0          |  out|    1|   ap_memory|                C_t|         array|
|C_t_we0          |  out|    1|   ap_memory|                C_t|         array|
|C_t_d0           |  out|   32|   ap_memory|                C_t|         array|
+-----------------+-----+-----+------------+-------------------+--------------+

