

================================================================
== Vivado HLS Report for 'sigmoid'
================================================================
* Date:           Thu May 22 20:21:41 2025

* Version:        2019.2 (Build 2704478 on Wed Nov 06 22:10:23 MST 2019)
* Project:        lstm_hls
* Solution:       solution1
* Product family: zynq
* Target device:  xc7z020-clg400-1


================================================================
== Performance Estimates
================================================================
+ Timing: 
    * Summary: 
    +--------+----------+----------+------------+
    |  Clock |  Target  | Estimated| Uncertainty|
    +--------+----------+----------+------------+
    |ap_clk  | 10.00 ns | 8.683 ns |   1.25 ns  |
    +--------+----------+----------+------------+

+ Latency: 
    * Summary: 
    +---------+---------+-----------+-----------+------+------+---------+
    |  Latency (cycles) |   Latency (absolute)  |   Interval  | Pipeline|
    |   min   |   max   |    min    |    max    |  min |  max |   Type  |
    +---------+---------+-----------+-----------+------+------+---------+
    |     7553|     7553| 75.530 us | 75.530 us |  7553|  7553|   none  |
    +---------+---------+-----------+-----------+------+------+---------+

    + Detail: 
        * Instance: 
        N/A

        * Loop: 
        +----------+---------+---------+----------+-----------+-----------+------+----------+
        |          |  Latency (cycles) | Iteration|  Initiation Interval  | Trip |          |
        | Loop Name|   min   |   max   |  Latency |  achieved |   target  | Count| Pipelined|
        +----------+---------+---------+----------+-----------+-----------+------+----------+
        |- Loop 1  |     7552|     7552|        59|          -|          -|   128|    no    |
        +----------+---------+---------+----------+-----------+-----------+------+----------+



================================================================
== Utilization Estimates
================================================================
* Summary: 
+-----------------+---------+-------+--------+-------+-----+
|       Name      | BRAM_18K| DSP48E|   FF   |  LUT  | URAM|
+-----------------+---------+-------+--------+-------+-----+
|DSP              |        -|      -|       -|      -|    -|
|Expression       |        -|      -|       0|     61|    -|
|FIFO             |        -|      -|       -|      -|    -|
|Instance         |        -|     29|    5433|   7821|    -|
|Memory           |        -|      -|       -|      -|    -|
|Multiplexer      |        -|      -|       -|    270|    -|
|Register         |        -|      -|     340|      -|    -|
+-----------------+---------+-------+--------+-------+-----+
|Total            |        0|     29|    5773|   8152|    0|
+-----------------+---------+-------+--------+-------+-----+
|Available        |      280|    220|  106400|  53200|    0|
+-----------------+---------+-------+--------+-------+-----+
|Utilization (%)  |        0|     13|       5|     15|    0|
+-----------------+---------+-------+--------+-------+-----+

+ Detail: 
    * Instance: 
    +--------------------------+----------------------+---------+-------+------+------+-----+
    |         Instance         |        Module        | BRAM_18K| DSP48E|  FF  |  LUT | URAM|
    +--------------------------+----------------------+---------+-------+------+------+-----+
    |LSTM_Top_dadd_64neOg_U8   |LSTM_Top_dadd_64neOg  |        0|      3|   445|  1149|    0|
    |LSTM_Top_ddiv_64nfYi_U9   |LSTM_Top_ddiv_64nfYi  |        0|      0|  3211|  3658|    0|
    |LSTM_Top_dexp_64ng8j_U10  |LSTM_Top_dexp_64ng8j  |        0|     26|  1549|  2599|    0|
    |LSTM_Top_fpext_32dEe_U7   |LSTM_Top_fpext_32dEe  |        0|      0|   100|   138|    0|
    |LSTM_Top_fptrunc_cud_U6   |LSTM_Top_fptrunc_cud  |        0|      0|   128|   277|    0|
    +--------------------------+----------------------+---------+-------+------+------+-----+
    |Total                     |                      |        0|     29|  5433|  7821|    0|
    +--------------------------+----------------------+---------+-------+------+------+-----+

    * DSP48E: 
    N/A

    * Memory: 
    N/A

    * FIFO: 
    N/A

    * Expression: 
    +--------------------+----------+-------+---+----+------------+------------+
    |    Variable Name   | Operation| DSP48E| FF| LUT| Bitwidth P0| Bitwidth P1|
    +--------------------+----------+-------+---+----+------------+------------+
    |i_fu_87_p2          |     +    |      0|  0|  15|           8|           1|
    |icmp_ln21_fu_81_p2  |   icmp   |      0|  0|  13|           8|           9|
    |xor_ln23_fu_102_p2  |    xor   |      0|  0|  33|          32|          33|
    +--------------------+----------+-------+---+----+------------+------------+
    |Total               |          |      0|  0|  61|          48|          43|
    +--------------------+----------+-------+---+----+------------+------------+

    * Multiplexer: 
    +------------+-----+-----------+-----+-----------+
    |    Name    | LUT | Input Size| Bits| Total Bits|
    +------------+-----+-----------+-----+-----------+
    |ap_NS_fsm   |  261|         61|    1|         61|
    |i_0_reg_48  |    9|          2|    8|         16|
    +------------+-----+-----------+-----+-----------+
    |Total       |  270|         63|    9|         77|
    +------------+-----+-----------+-----+-----------+

    * Register: 
    +-------------------+----+----+-----+-----------+
    |        Name       | FF | LUT| Bits| Const Bits|
    +-------------------+----+----+-----+-----------+
    |ap_CS_fsm          |  60|   0|   60|          0|
    |i_0_reg_48         |   8|   0|    8|          0|
    |i_reg_116          |   8|   0|    8|          0|
    |tmp_1_reg_136      |  64|   0|   64|          0|
    |tmp_2_reg_141      |  64|   0|   64|          0|
    |tmp_3_reg_146      |  64|   0|   64|          0|
    |tmp_4_reg_151      |  64|   0|   64|          0|
    |zext_ln23_reg_121  |   8|   0|   64|         56|
    +-------------------+----+----+-----+-----------+
    |Total              | 340|   0|  396|         56|
    +-------------------+----+----+-----+-----------+



================================================================
== Interface
================================================================
* Summary: 
+--------------+-----+-----+------------+--------------+--------------+
|   RTL Ports  | Dir | Bits|  Protocol  | Source Object|    C Type    |
+--------------+-----+-----+------------+--------------+--------------+
|ap_clk        |  in |    1| ap_ctrl_hs |    sigmoid   | return value |
|ap_rst        |  in |    1| ap_ctrl_hs |    sigmoid   | return value |
|ap_start      |  in |    1| ap_ctrl_hs |    sigmoid   | return value |
|ap_done       | out |    1| ap_ctrl_hs |    sigmoid   | return value |
|ap_idle       | out |    1| ap_ctrl_hs |    sigmoid   | return value |
|ap_ready      | out |    1| ap_ctrl_hs |    sigmoid   | return value |
|res_address0  | out |    7|  ap_memory |      res     |     array    |
|res_ce0       | out |    1|  ap_memory |      res     |     array    |
|res_we0       | out |    1|  ap_memory |      res     |     array    |
|res_d0        | out |   32|  ap_memory |      res     |     array    |
|a_address0    | out |    7|  ap_memory |       a      |     array    |
|a_ce0         | out |    1|  ap_memory |       a      |     array    |
|a_q0          |  in |   32|  ap_memory |       a      |     array    |
+--------------+-----+-----+------------+--------------+--------------+

